---
source: crates/wiki-reader/src/tui/app/tests.rs
expression: out
---
 Worked Example Wiki                                    ◫ ✕ 
┌─────────────┬────────────────────────────────────────────┐
│ README.md × │                                            │
├─────────────┴────────────────────────────────────────────┤
│▌── frontmatter ▸ ────────────────────────────────────────│
│                                                          │
│ Worked Example Wiki                                      │
│ ────────────────────────────────────────                 │
│                                                          │
│ A tiny markdown collection used as the default           │
│ smoke-test root.                                         │
│                                                          │
│ Start at Architecture Overview, follow Token Projection, │
│ then return via back when history exists.                │
│                                                          │
│                                                          │
│                                                          │
│                                                          │
│                                                          │
│                                                          │
├────────────────────────────────┬─────────────────────────┤
│                                │ Architecture Overview › │
└────────────────────────────────┴─────────────────────────┘
  VIEW  · README.md · L1:C1 10% · 2026-09-28 · draft    ? ⚙
