---
source: crates/wiki-reader/src/tui/app/tests.rs
assertion_line: 2751
expression: out
---
 Worked Example Wiki                                                        ◫ ✕ 
┌──────────┌ Help (? or Esc to close) ──────────────────────────────┐──────────┐
│▌/ Search…│  ── Global ──────────────────────────────────────────  │──────────│
│          │  Alt+← / Alt+b     Back                                │          │
│▌ Worked E│  Alt+→ / Alt+f     Forward                             │          │
│  ▸ Archit│  q / ✕             Quit                                │          │
│  ▸ Decisi│  b / ◫             Toggle side nav                     │fault     │
│          │  r                 Toggle raw / rendered               │          │
│          │  e                 Open in editor                      │          │
│          │  y                 Copy page path                      │ken       │
│          │  Y                 Copy focused link target            │tory      │
│          │  t                 New tab                             │          │
│          │  x                 Close tab                           │          │
│          │  /                 Search                              │          │
│          │  Ctrl+k            Search                              │          │
│          │  ?                 Help                                │          │
│          │  n                 Next search match                   │          │
│          │  N                 Previous search match               │          │
│          │  [                 Previous page                       │          │
│          │  ]                 Next page                           │          │
│          │  Backspace         Back                                │          │
│          │  Shift+←           Focus side nav                      │          │
└──────────└────────────────────────────────────────────────────────┘vervi… › ├┘
  HELP  · README.md · L1:C1 10% · 2026-09-28 · draft · 29w · 1m
