---
source: crates/wiki-reader/src/tui/app/tests.rs
expression: out
---
 Worked Example Wiki › architecture › design-system › Token Projection                                              ◫ ✕ 
┌────────────────────────────┐┌┤ tokens × ├────────────────────────────────────────────────────────────────────────────┐
│▌/ Search…                  ││▌── frontmatter ▸ ──────────────────────────────────────────────────────────────────────│
│                            ││                                                                                        │
│  README.md                 ││ Token Projection                                                                       │
│  ▾ architecture            ││ ────────────────────────────────────────                                               │
│     README.md              ││                                                                                        │
│     ▾ design-system        ││ The reusable adapter stays semantic-only; see Design System and ADR-0001.              │
│        README.md           ││                                                                                        │
│▌       tokens.md           ││                                                                                        │
│     ▸ wfos                 ││ ┌ Linked from ────────────────────────────────────────────────────────────────────────┐│
│  ▸ decisions               ││ │ Worked Example Wiki                                                                 ││
│                            ││ │ Minimal fixture collection for wiki-reader smoke tests.                             ││
│                            ││ ├─────────────────────────────────────────────────────────────────────────────────────┤│
│                            ││ │ Architecture Overview                                                               ││
│                            ││ │ Landing page for the architecture section of the worked example.                    ││
│                            ││ ├─────────────────────────────────────────────────────────────────────────────────────┤│
│                            ││ │ Design System                                                                       ││
│                            ││ │ Design-system section landing page.                                                 ││
│                            ││ └─────────────────────────────────────────────────────────────────────────────────────┘│
│                            ││                                                                                        │
│                            ││                                                                                        │
└────────────────────────────┘└┤ ‹ Design System ├────────────────────────────────────────────────┤ Workflow OS › ├ ? ⚙┘
  NAV  · architecture/design-system/tokens.md · L1:C1 5% · 2026-09-28 · draft · 13w · 1m
