---
source: crates/wiki-reader/src/tui/app/tests.rs
assertion_line: 65
expression: out
---
 Worked Example Wiki                                  ○ ◫ ✕ 
┌View──────────────────────────────────────────────────────┐
│▌── frontmatter ▶ ───────────────────────                 │
│                                                          │
│ # Worked Example Wiki                                    │
│                                                          │
│ A tiny markdown collection used as the default           │
│ smoke-test root.                                         │
│                                                          │
│ Start at Architecture Overview, follow Token Projection, │
│ then return via back when history exists.                │
│                                                          │
│                                                          │
│                                                          │
│                                                          │
│                                                          │
│                                                          │
│                                                          │
│                                                          │
│                                                          │
│                                                          │
│                                                          │
└───────────────────────────────┤ Architecture Overview › ├┘
  VIEW  · README.md · L1 11% · 2026-09-28 · draft · 29w
