---
source: crates/wiki-reader/src/tui/app/tests.rs
expression: out
---
 Worked Example Wiki › architecture › design-system › Token Projection                                              ◫ ✕ 
┌────────────────────────────┐┌┤ tokens.md × ├─────────────────────────────────────────────────────────────────────────┐
│▌/ Search…                  │├┴─────────────┴─────────────────────────────────────────────────────────────────────────┤
│                            ││▌── frontmatter ▸ ──────────────────────────────────────────────────────────────────────│
│  README.md                 ││                                                                                        │
│  ▾ architecture            ││ Token Projection                                                                       │
│     README.md              ││ ────────────────────────────────────────                                               │
│     ▾ design-system        ││                                                                                        │
│        README.md           ││ The reusable adapter stays semantic-only; see Design System and ADR-0001.              │
│▌       tokens.md           ││                                                                                        │
│     ▸ wfos                 ││                                                                                        │
│  ▸ decisions               ││ ┌ Linked from ────────────────────────────────────────────────────────────────────────┐│
│                            ││ │ Worked Example Wiki                                                                 ││
│                            ││ │ Minimal fixture collection for wiki-reader smoke tests.                             ││
│                            ││ ├─────────────────────────────────────────────────────────────────────────────────────┤│
│                            ││ │ Architecture Overview                                                               ││
│                            ││ │ Landing page for the architecture section of the worked example.                    ││
│                            ││ ├─────────────────────────────────────────────────────────────────────────────────────┤│
│                            ││ │ Design System                                                                       ││
│                            ││ │ Design-system section landing page.                                                 ││
│                            ││ └─────────────────────────────────────────────────────────────────────────────────────┘│
│                            │├┬─────────────────┬────────────────────────────────────────────────────┬───────────────┬┤
└────────────────────────────┘└┤ ‹ Design System ├────────────────────────────────────────────────────┤ Workflow OS › ├┘
  NAV  · architecture/design-system/tokens.md · L1:C1 5% · 2026-09-28 · draft · 13w · 1m                            ? ⚙
