---
source: crates/wiki-reader/src/tui/app/tests.rs
expression: out
---
 Worked Example Wiki                                                                                                ◫ ✕ 
┌────────────────────────────┐┌┌ Help (? or Esc to close) ──────────────────────────────┐──────────────────────────────┐
│ / Search…                  │││                                                        │                              │
├────────────────────────────┤├│  ── Global ──────────────────────────────────────────  │──────────────────────────────┤
│▌ Worked Example Wiki       │││  Alt+← / Alt+b / Backspace  Back                       │──────────────────────────────│
│  ▸ architecture            │││  Alt+→ / Alt+f              Forward                    │                              │
│  ▸ decisions               │││  q / ✕                      Quit                       │                              │
│                            │││  b / ◫                      Toggle side nav            │                              │
│                            │││  r                          Toggle raw / rendered      │                              │
│                            │││  e                          Open in editor             │ root.                        │
│                            │││  y                          Copy file path             │                              │
│                            │││  Y                          Copy focused link target   │then return via back when     │
│                            │││  t                          New tab                    │                              │
│                            │││  x                          Close tab                  │                              │
│                            │││  / / Ctrl+k                 Search                     │                              │
│                            │││  ? / ?                      Help                       │                              │
│                            │││  , / c / ⚙                  Options (toggle)           │                              │
│                            │││  n                          Next search match          │                              │
│                            │││  N                          Previous search match      │                              │
│                            │││  [                          Previous page              │                              │
│                            │├│  ]                          Next page                  │────┬─────────────────────────┤
│                            │││                                                        │    │ Architecture Overview › │
└────────────────────────────┘└└────────────────────────────────────────────────────────┘────┴─────────────────────────┘
  HELP  · README.md · L1:C1 11% · 2026-09-28 · draft · 29w · 1m                                                     ? ⚙
