---
source: crates/wiki-reader/src/tui/app/tests.rs
expression: out
---
 Readme                                                 ◫ ✕ 
┌ Help (? or Esc to close) ────────────────────────────────┐
│── Global Alt+← / Alt+b  Back                             │
│Alt+→ / Alt+f  Forward                                    │
│q              Quit                                       │
│b              Toggle side nav                            │
│r              Toggle raw / rendered                      │
│e              Open in editor                             │
│y              Copy page path                             │
│Y              Copy focused link target                   │
│t              New tab                                    │
│x              Close tab                                  │
│/              Search                                     │
│Ctrl+k         Search                                     │
│?              Help                                       │
│n              Next search match                          │
│N              Previous search match                      │
│[              Previous page                              │
│]              Next page                                  │
│Backspace      Back                                       │
│Shift+←        Focus side nav                             │
│Shift+→        Focus viewer                               │
└──────────────────────────────────────────────────────────┘
 VIEWER · README.md · L1 11% · 29w · 1m · 2026-09-28
