---
source: crates/wiki-reader/src/tui/app/tests.rs
expression: out
---
Worked Example Wiki                                                          ◫ ✕
┌Nav─────────────────────┐┌Viewer──────────────────────────────────────────────┐
│ ⌕ Search…              ││── frontmatter ──                                   │
│▌● Worked Example Wiki  ││title: Worked Example Wiki                          │
│ ▸ Architecture Overview││updated: 2026-09-28                                 │
│ ▸ Decisions            ││summary: Minimal fixture collection for wiki-reader │
│                        ││smoke tests.                                        │
│                        ││─────────────────                                   │
│                        ││# Worked Example Wiki                               │
│                        ││A tiny markdown collection used as the default      │
│                        ││smoke-test root.                                    │
│                        ││Start at Architecture Overview, follow Token        │
│                        ││Projection, then return via back when history       │
│                        ││exists.                                             │
│                        ││                                                    │
│                        ││                                                    │
│                        ││                                                    │
│                        ││                                                    │
│                        ││                                                    │
│                        ││                                                    │
│                        ││                                                    │
│                        │└────────────────────────────────────────────────────┘
└────────────────────────┘‹ —                            Architecture Overview ›
VIEWER · README.md · L1 8% · 29w · 1m · 2026-09-28
