---
source: crates/wiki-reader/src/tui/app/tests.rs
expression: out
---
 Worked Example Wiki › … › Token P… ◫ ✕ 
┌────────────────────────────┐─────────┐
│▌/ Search…                  │─────────│
│                            │         │
│  README.md                 │         │
│  ▾ architecture            │─────────│
│     README.md              │         │
│     ▾ design-system        │         │
│        README.md           │stem and │
│▌       tokens.md           │         │
│     ▸ wfos                 │         │
│  ▸ decisions               │         │
│                            │────────┐│
│                            │        ││
│                            │ for w… ││
│                            │────────┤│
│                            │        ││
│                            │tectur… ││
│                            │────────┤│
│                            │        ││
│                            │ing pa… ││
│                            │────────┘│
└────────────────────────────┘S › ├ ? ⚙┘
  NAV  · architecture/design-system/tok
