---
source: crates/wiki-reader/src/tui/app/tests.rs
expression: out
---
 Worked Example Wiki › architecture › design-system › Token Projection      ◫ ✕ 
┌────────────────────────┐┌┤ tokens.md × ├─────────────────────────────────────┐
│▌/ Search…              │├┴─────────────┴─────────────────────────────────────┤
│                        ││▌── frontmatter ▸ ──────────────────────────────────│
│  README.md             ││                                                    │
│  ▾ architecture        ││ Token Projection                                   │
│     README.md          ││ ────────────────────────────────────────           │
│     ▾ design-system    ││                                                    │
│        README.md       ││ The reusable adapter stays semantic-only; see      │
│▌       tokens.md       ││ Design System and ADR-0001.                        │
│     ▸ wfos             ││                                                    │
│  ▸ decisions           ││                                                    │
│                        ││ ┌ Linked from ────────────────────────────────────┐│
│                        ││ │ Worked Example Wiki                             ││
│                        ││ │ Minimal fixture collection for wiki-reader smo… ││
│                        ││ ├─────────────────────────────────────────────────┤│
│                        ││ │ Architecture Overview                           ││
│                        ││ │ Landing page for the architecture section of t… ││
│                        ││ ├─────────────────────────────────────────────────┤│
│                        ││ │ Design System                                   ││
│                        ││ │ Design-system section landing page.             ││
│                        │├┬─────────────────┬────────────────┬───────────────┬┤
└────────────────────────┘└┤ ‹ Design System ├────────────────┤ Workflow OS › ├┘
  NAV  · architecture/design-system/tokens.md · L1:C1 5% · 2026-09-28       ? ⚙
