---
source: crates/wiki-reader/src/tui/app/tests.rs
expression: out
---
 Worked Example Wiki › architecture › design-system › Token Projection      ◫ ✕ 
┌────────────────────────┐┌┌─────────────┐─────────────────────────────────────┐
│▌/ Search…              │││ tokens.md × │                                     │
│                        ││└─────────────┘                                     │
│  README.md             ││▌── frontmatter ▸ ──────────────────────────────────│
│  ▾ architecture        ││                                                    │
│     README.md          ││ Token Projection                                   │
│     ▾ design-system    ││ ────────────────────────────────────────           │
│        README.md       ││                                                    │
│▌       tokens.md       ││ The reusable adapter stays semantic-only; see      │
│     ▸ wfos             ││ Design System and ADR-0001.                        │
│  ▸ decisions           ││                                                    │
│                        ││                                                    │
│                        ││ ┌ Linked from ────────────────────────────────────┐│
│                        ││ │ Worked Example Wiki                             ││
│                        ││ │ Minimal fixture collection for wiki-reader smo… ││
│                        ││ ├─────────────────────────────────────────────────┤│
│                        ││ │ Architecture Overview                           ││
│                        ││ │ Landing page for the architecture section of t… ││
│                        ││ ├─────────────────────────────────────────────────┤│
│                        ││┌─────────────────┐                ┌───────────────┐│
│                        │││ ‹ Design System │                │ Workflow OS › ││
└────────────────────────┘└└─────────────────┘────────────────└───────────────┘┘
  NAV  · architecture/design-system/tokens.md · L1:C1 5% · 2026-09-28       ? ⚙
