---
source: crates/wiki-reader/src/tui/app/tests.rs
expression: out
---
 Readme                                                                                                           ○ ◫ ✕ 
┌Nav────────────────────┌ Help (? or Esc to close) ────────────────────────────────────────────┐───────────────────────┐
│                       │── Global Alt+← / Alt+b  Back                                         │                       │
│ ⌕ Search…             │Alt+→ / Alt+f  Forward                                                │                       │
│                       │q              Quit                                                   │                       │
│▌● Readme              │b              Toggle side nav                                        │                       │
│   ▸ Architecture      │r              Toggle raw / rendered                                  │                       │
│   ▸ Decisions         │○ / ◉          Toggle syntax / formatted (header eye icon)            │                       │
│                       │e              Open in editor                                         │turn via back when     │
│                       │y              Copy page path                                         │                       │
│                       │Y              Copy focused link target                               │                       │
│                       │t              New tab                                                │                       │
│                       │x              Close tab                                              │                       │
│                       │/              Search                                                 │                       │
│                       │Ctrl+k         Search                                                 │                       │
│                       │?              Help                                                   │                       │
│                       │n              Next search match                                      │                       │
│                       │N              Previous search match                                  │                       │
│                       │[              Previous page                                          │                       │
│                       │]              Next page                                              │                       │
│                       │Backspace      Back                                                   │                       │
│                       │Shift+←        Focus side nav                                         │                       │
└───────────────────────└──────────────────────────────────────────────────────────────────────┘─────────Architecture ›┘
 VIEWER · README.md · L1 12% · 29w · 1m · 2026-09-28
