---
source: crates/wiki-reader/src/tui/app/tests.rs
expression: tall
---
 Worked Example Wiki                                                                                              ○ ◫ ✕ 
┌Nav─────────────────────────┐┌View────────────────────────────────────────────────────────────────────────────────────┐
│▌⌕ Search…                  ││                                                                                        │
│                            ││▌── frontmatter ▶ ───────────────────────                                               │
│▌ Worked Example Wiki       ││                                                                                        │
│  ▸ Architecture            ││ # Worked Example Wiki                                                                  │
│  ▸ Decisions               ││                                                                                        │
│                            ││ A tiny markdown collection used as the default smoke-test root.                        │
│                            ││                                                                                        │
│                            ││ Start at Architecture Overview, follow Token Projection, then return via back when     │
│                            ││ history exists.                                                                        │
│                            ││                                                                                        │
│                            ││                                                                                        │
│                            ││                                                                                        │
│                            ││                                                                                        │
│                            ││                                                                                        │
│                            ││                                                                                        │
│                            ││                                                                                        │
│                            ││                                                                                        │
│                            ││                                                                                        │
│                            ││                                                                                        │
│                            ││                                                                                        │
│                            ││                                                                                        │
│                            ││                                                                                        │
│                            ││                                                                                        │
│                            ││                                                                                        │
│                            ││                                                                                        │
│                            ││                                                                                        │
│                            ││                                                                                        │
│                            ││                                                                                        │
│                            ││                                                                                        │
│                            ││                                                                                        │
│                            ││                                                                                        │
│                            ││                                                                                        │
│                            ││                                                                                        │
│                            ││                                                                                        │
│                            ││                                                                                        │
│                            ││                                                                                        │
└────────────────────────────┘└─────────────────────────────────────────────────────────────┤ Architecture Overview › ├┘
  VIEW  · README.md · L1 12% · 2026-09-28 · draft · 29w · 1m
