---
source: crates/wiki-reader/src/tui/app/tests.rs
expression: out
---
 Worked Example Wiki › … › Token Projection           ◫  ✕  
┌────────────────────────────┐─────────────────────────────┐
│ / Search…                  │                             │
├────────────────────────────┤─────────────────────────────┤
│  README.md                 │─────────────────────────────│
│  ▾ architecture            │                             │
│     README.md              │                             │
│     ▾ design-system        │────────────                 │
│        README.md           │                             │
│▌       tokens.md           │emantic-only; see Design     │
│     ▸ wfos                 │                             │
│  ▸ decisions               │                             │
│                            │                             │
│                            │────────────────────────────┐│
│                            │                            ││
│                            │ for wiki-reader smoke tes… ││
│                            │────────────────────────────┤│
│                            │                            ││
│                            │tecture section of the wor… ││
│                            │────────────────────────────┤│
│                            │─────────────┬───────────────┤
│                            │             │ Workflow OS › │
└────────────────────────────┘─────────────┴───────────────┘
  NAV  · architecture/design-system/tokens.md         ?  ⚙
