---
source: crates/wiki-reader/src/tui/app/tests.rs
expression: out
---
 Worked Example Wiki › … › Token Projection           ⚙ ◫ ✕ 
┌────────────────────────────┐─────────────────────────────┐
│▌/ Search…                  │─────────────────────────────│
│                            │                             │
│  README.md                 │                             │
│  ▾ architecture            │────────────                 │
│     README.md              │                             │
│     ▾ design-system        │emantic-only; see Design     │
│        README.md           │                             │
│▌       tokens.md           │                             │
│     ▸ wfos                 │                             │
│  ▸ decisions               │────────────────────────────┐│
│                            │                            ││
│                            │ for wiki-reader smoke tes… ││
│                            │────────────────────────────┤│
│                            │                            ││
│                            │tecture section of the wor… ││
│                            │────────────────────────────┤│
│                            │                            ││
│                            │ing page.                   ││
│                            │────────────────────────────┘│
│                            │                             │
└────────────────────────────┘────────────┤ Workflow OS › ├┘
  NAV  · architecture/design-system/tokens.md · L1:C1 5%
