---
source: crates/wiki-reader/src/tui/app/tests.rs
expression: out
---
 Worked Example Wiki › … › Token P… ◫ ✕ 
┌────────────────────────────┐─────────┐
│▌/ Search…                  │─────────┤
│                            │─────────│
│  README.md                 │         │
│  ▾ architecture            │         │
│     README.md              │─────────│
│     ▾ design-system        │         │
│        README.md           │         │
│▌       tokens.md           │stem and │
│     ▸ wfos                 │         │
│  ▸ decisions               │         │
│                            │         │
│                            │────────┐│
│                            │        ││
│                            │ for w… ││
│                            │────────┤│
│                            │        ││
│                            │tectur… ││
│                            │────────┤│
│                            │        ││
│                            │────────┬┤
└────────────────────────────┘ow OS › ├┘
  NAV  · architecture/design-system ? ⚙
