---
source: crates/wiki-reader/src/tui/app/tests.rs
expression: out
---
 Worked Example Wiki                                                      ⚙ ◫ ✕ 
┌──────────┌ Help (? or Esc to close) ──────────────────────────────┐──────────┐
│▌/ Search…│                                                        │──────────│
│          │  ── Global ──────────────────────────────────────────  │          │
│▌ Worked E│  Alt+← / Alt+b / Backspace  Back                       │          │
│  ▸ Archit│  Alt+→ / Alt+f              Forward                    │          │
│  ▸ Decisi│  q / ✕                      Quit                       │          │
│          │  b / ◫                      Toggle side nav            │fault     │
│          │  r                          Toggle raw / rendered      │          │
│          │  e                          Open in editor             │          │
│          │  y                          Copy file path             │ken       │
│          │  Y                          Copy focused link target   │tory      │
│          │  t                          New tab                    │          │
│          │  x                          Close tab                  │          │
│          │  / / Ctrl+k                 Search                     │          │
│          │  ?                          Help                       │          │
│          │  , / c / ⚙                  Options (toggle)           │          │
│          │  n                          Next search match          │          │
│          │  N                          Previous search match      │          │
│          │  [                          Previous page              │          │
│          │  ]                          Next page                  │          │
│          │                                                        │          │
└──────────└────────────────────────────────────────────────────────┘vervi… › ├┘
  HELP  · README.md · L1:C1 9% · 2026-09-28 · draft · 29w · 1m
