---
source: crates/wiki-reader/src/tui/app/tests.rs
expression: out
---
Worked Example Wiki                                                          ◫ ✕
┌Nav─────────────────────┐┌Viewer──────────────────────────────────────────────┐
│ ⌕ Search…              ││── frontmatter ▶ ──                                 │
│▌● Worked Example Wiki  ││                                                    │
│   ▸ Architecture Overvi││# Worked Example Wiki                               │
│   ▸ Decisions          ││                                                    │
│                        ││A tiny markdown collection used as the default      │
│                        ││smoke-test root.                                    │
│                        ││                                                    │
│                        ││Start at Architecture Overview, follow Token        │
│                        ││Projection, then return via back when history       │
│                        ││exists.                                             │
│                        ││                                                    │
│                        ││                                                    │
│                        ││                                                    │
│                        ││                                                    │
│                        ││                                                    │
│                        ││                                                    │
│                        ││                                                    │
│                        ││                                                    │
│                        ││                                                    │
│                        │└────────────────────────────────────────────────────┘
└────────────────────────┘‹ —                            Architecture Overview ›
VIEWER · README.md · L1 10% · 29w · 1m · 2026-09-28
