---
source: crates/wiki-reader/src/tui/app/tests.rs
expression: out
---
 Readme                                                                   ○ ◫ ✕ 
┌Nav─────────────────────┐┌Viewer──────────────────────────────────────────────┐
│                        ││▌── frontmatter ▶ ──                                │
│ ⌕ Search…              ││                                                    │
│                        ││ # Worked Example Wiki                              │
│▌● Readme               ││                                                    │
│   ▸ Readme             ││ A tiny markdown collection used as the default     │
│   ▸ Decisions          ││ smoke-test root.                                   │
│                        ││                                                    │
│                        ││ Start at Architecture Overview, follow Token       │
│                        ││ Projection, then return via back when history      │
│                        ││ exists.                                            │
│                        ││                                                    │
│                        ││                                                    │
│                        ││                                                    │
│                        ││                                                    │
│                        ││                                                    │
│                        ││                                                    │
│                        ││                                                    │
│                        ││                                                    │
│                        ││                                                    │
│                        ││                                                    │
└────────────────────────┘└‹ —─────────────────────────────────────────Readme ›┘
 VIEWER · README.md · L1 10% · 29w · 1m · 2026-09-28
