---
source: crates/wiki-reader/src/tui/regions/side_nav.rs
expression: "open.iter().map(|r|\nformat!(\"{}{}\", \"  \".repeat(r.depth), r.label)).collect::<Vec<_>>()"
---
[
    "Worked Example Wiki",
    "Architecture",
    "  Architecture Overview",
    "  Design System",
    "    Design System",
    "    Token Projection",
    "  Wfos",
    "Decisions",
]
