---
source: crates/wiki-reader-core/src/nav/tree.rs
expression: "tree.render_text(&expanded, Some(&root))"
---
● Worked Example Wiki
▾ architecture
  Architecture Overview
  ▾ design-system
    Design System
    Token Projection
  ▾ wfos
    Workflow OS
▾ decisions
  ADR-0001 Stack
  ADR-0002 Adapters
