---
source: crates/wiki-reader-core/src/nav/tree.rs
expression: "tree.render_text(&expanded, Some(&root))"
---
● Worked Example Wiki
▾ Architecture
  Architecture Overview
  ▾ Design System
    Design System
    Token Projection
  ▾ Wfos
    Workflow OS
▾ Decisions
  ADR-0001 Stack
  ADR-0002 Adapters
