---
source: crates/wiki-reader-render/src/lib.rs
expression: text
---
── frontmatter ▶ ──
# Element gallery
A paragraph with a long word like
antidisestablishmentarianism and normal
wrapping that should break at
whitespace instead of mid-word when the
pane is narrow.
## Heading two
### Heading three
#### Heading four
##### Heading five
###### Heading six
## Lists
• bullet one
• bullet two
  • nested bullet
1. numbered one
2. numbered two
• [ ] unchecked task
• [x] checked task
## Inline
This has bold, italic, strike, `inline
code`, and a working link plus a broken
link.
## Quote and alert
│ A plain blockquote with enough text
that it wraps on a narrow pane.
│ [NOTE]
│ Note alert body.
│ [WARNING]
│ Warning alert body.
## Code
```rust
│ fn main() {
│     println!("hello");
│ }
```
```python
│ def greet(name):
│     return f"hi {name}"
```
## Tables
│ Short │ Medium   │ Long cell that    │
│       │ column   │ needs wrapping    │
├───────┼──────────┼───────────────────┤
│ a     │ b        │ c                 │
├───────┼──────────┼───────────────────┤
│ one   │ two      │ three four five   │
│       │          │ six seven         │
│ WideA │ Wide │ WideC  │ Wide │ WideE │
│       │ B    │        │ D    │       │
├───────┼──────┼────────┼──────┼───────┤
│ alpha │ brav │ charli │ delt │ echo  │
│       │ o    │ e      │ a    │       │
├───────┼──────┼────────┼──────┼───────┤
│ foxtr │ golf │ hotel  │ indi │ julie │
│ ot    │      │        │ a    │ t     │
## Rule
────────────────────────────────────────
## Mermaid good
┌───────┐     ┌─────┐
│ Start │────▸│ End │
└───────┘     └─────┘
## Mermaid bad
│ diagram (source; unsupported diagram type: 'this')
this is not valid mermaid at all {{{
## Mermaid wide
│ diagram (source; diagram 54 cols > pane 40)
flowchart LR
  AAAAAAAAAA[VeryLongNodeLabelAlpha] --> BBBBBBBBBB[VeryLongNodeLabelBravo] --> CCCCCCCCCC[VeryLongNodeLabelCharlie] --> DDDDDDDDDD[VeryLongNodeLabelDelta]
