---
source: crates/wiki-reader/src/tui/app.rs
expression: out
---
Buffer {
    area: Rect { x: 0, y: 0, width: 60, height: 24 },
    content: [
        "Worked Example Wiki                                      ◫ ✕",
        "┌Viewer────────────────────────────────────────────────────┐",
        "│---                                                       │",
        "│id: FX-ROOT                                               │",
        "│title: Worked Example Wiki                                │",
        "│summary: Minimal fixture collection for wiki-reader smoke │",
        "│status: draft                                             │",
        "│updated: 2026-09-28                                       │",
        "│related: [architecture]                                   │",
        "│---                                                       │",
        "│                                                          │",
        "│# Worked Example Wiki                                     │",
        "│                                                          │",
        "│A tiny markdown collection used as the default smoke-test │",
        "│                                                          │",
        "│Start at [Architecture Overview](architecture/README.md), │",
        "│                                                          │",
        "│                                                          │",
        "│                                                          │",
        "│                                                          │",
        "│                                                          │",
        "└──────────────────────────────────────────────────────────┘",
        "‹ —                                  Architecture Overview ›",
        "VIEWER · README.md · L1 7% · 29w · 1m · 2026-09-28          ",
    ],
    styles: [
        x: 0, y: 0, fg: Cyan, bg: Reset, underline: Reset, modifier: NONE,
        x: 19, y: 0, fg: Reset, bg: Reset, underline: Reset, modifier: NONE,
        x: 56, y: 0, fg: Cyan, bg: Reset, underline: Reset, modifier: NONE,
        x: 0, y: 1, fg: Cyan, bg: Reset, underline: Reset, modifier: BOLD,
        x: 1, y: 2, fg: Reset, bg: Rgb(40, 40, 50), underline: Reset, modifier: NONE,
        x: 4, y: 2, fg: Reset, bg: Reset, underline: Reset, modifier: NONE,
        x: 59, y: 2, fg: Cyan, bg: Reset, underline: Reset, modifier: BOLD,
        x: 1, y: 3, fg: Reset, bg: Reset, underline: Reset, modifier: NONE,
        x: 59, y: 3, fg: Cyan, bg: Reset, underline: Reset, modifier: BOLD,
        x: 1, y: 4, fg: Reset, bg: Reset, underline: Reset, modifier: NONE,
        x: 59, y: 4, fg: Cyan, bg: Reset, underline: Reset, modifier: BOLD,
        x: 1, y: 5, fg: Reset, bg: Reset, underline: Reset, modifier: NONE,
        x: 59, y: 5, fg: Cyan, bg: Reset, underline: Reset, modifier: BOLD,
        x: 1, y: 6, fg: Reset, bg: Reset, underline: Reset, modifier: NONE,
        x: 59, y: 6, fg: Cyan, bg: Reset, underline: Reset, modifier: BOLD,
        x: 1, y: 7, fg: Reset, bg: Reset, underline: Reset, modifier: NONE,
        x: 59, y: 7, fg: Cyan, bg: Reset, underline: Reset, modifier: BOLD,
        x: 1, y: 8, fg: Reset, bg: Reset, underline: Reset, modifier: NONE,
        x: 59, y: 8, fg: Cyan, bg: Reset, underline: Reset, modifier: BOLD,
        x: 1, y: 9, fg: Reset, bg: Reset, underline: Reset, modifier: NONE,
        x: 59, y: 9, fg: Cyan, bg: Reset, underline: Reset, modifier: BOLD,
        x: 1, y: 10, fg: Reset, bg: Reset, underline: Reset, modifier: NONE,
        x: 59, y: 10, fg: Cyan, bg: Reset, underline: Reset, modifier: BOLD,
        x: 1, y: 11, fg: Reset, bg: Reset, underline: Reset, modifier: NONE,
        x: 59, y: 11, fg: Cyan, bg: Reset, underline: Reset, modifier: BOLD,
        x: 1, y: 12, fg: Reset, bg: Reset, underline: Reset, modifier: NONE,
        x: 59, y: 12, fg: Cyan, bg: Reset, underline: Reset, modifier: BOLD,
        x: 1, y: 13, fg: Reset, bg: Reset, underline: Reset, modifier: NONE,
        x: 59, y: 13, fg: Cyan, bg: Reset, underline: Reset, modifier: BOLD,
        x: 1, y: 14, fg: Reset, bg: Reset, underline: Reset, modifier: NONE,
        x: 59, y: 14, fg: Cyan, bg: Reset, underline: Reset, modifier: BOLD,
        x: 1, y: 15, fg: Reset, bg: Reset, underline: Reset, modifier: NONE,
        x: 59, y: 15, fg: Cyan, bg: Reset, underline: Reset, modifier: BOLD,
        x: 1, y: 16, fg: Reset, bg: Reset, underline: Reset, modifier: NONE,
        x: 59, y: 16, fg: Cyan, bg: Reset, underline: Reset, modifier: BOLD,
        x: 1, y: 17, fg: Reset, bg: Reset, underline: Reset, modifier: NONE,
        x: 59, y: 17, fg: Cyan, bg: Reset, underline: Reset, modifier: BOLD,
        x: 1, y: 18, fg: Reset, bg: Reset, underline: Reset, modifier: NONE,
        x: 59, y: 18, fg: Cyan, bg: Reset, underline: Reset, modifier: BOLD,
        x: 1, y: 19, fg: Reset, bg: Reset, underline: Reset, modifier: NONE,
        x: 59, y: 19, fg: Cyan, bg: Reset, underline: Reset, modifier: BOLD,
        x: 1, y: 20, fg: Reset, bg: Reset, underline: Reset, modifier: NONE,
        x: 59, y: 20, fg: Cyan, bg: Reset, underline: Reset, modifier: BOLD,
        x: 0, y: 22, fg: DarkGray, bg: Reset, underline: Reset, modifier: NONE,
        x: 3, y: 22, fg: Reset, bg: Reset, underline: Reset, modifier: NONE,
        x: 37, y: 22, fg: Cyan, bg: Reset, underline: Reset, modifier: NONE,
        x: 0, y: 23, fg: DarkGray, bg: Reset, underline: Reset, modifier: NONE,
    ]
}
