---
source: crates/wiki-reader/src/tui/app.rs
expression: out
---
Buffer {
    area: Rect { x: 0, y: 0, width: 80, height: 24 },
    content: [
        "Worked Example Wiki                                                          ◫ ✕",
        "┌Nav─────────────────────┐┌Viewer──────────────────────────────────────────────┐",
        "│ ⌕ Search…              ││---                                                 │",
        "│▌● Worked Example Wiki  ││id: FX-ROOT                                         │",
        "│ ▸ Architecture Overview││title: Worked Example Wiki                          │",
        "│ ▸ Decisions            ││summary: Minimal fixture collection for wiki-reader │",
        "│                        ││status: draft                                       │",
        "│                        ││updated: 2026-09-28                                 │",
        "│                        ││related: [architecture]                             │",
        "│                        ││---                                                 │",
        "│                        ││                                                    │",
        "│                        ││# Worked Example Wiki                               │",
        "│                        ││                                                    │",
        "│                        ││A tiny markdown collection used as the default smoke│",
        "│                        ││                                                    │",
        "│                        ││Start at [Architecture Overview](architecture/README│",
        "│                        ││                                                    │",
        "│                        ││                                                    │",
        "│                        ││                                                    │",
        "│                        ││                                                    │",
        "│                        ││                                                    │",
        "│                        │└────────────────────────────────────────────────────┘",
        "└────────────────────────┘‹ —                            Architecture Overview ›",
        "VIEWER · README.md · L1 7% · 29w · 1m · 2026-09-28                              ",
    ],
    styles: [
        x: 0, y: 0, fg: Cyan, bg: Reset, underline: Reset, modifier: NONE,
        x: 19, y: 0, fg: Reset, bg: Reset, underline: Reset, modifier: NONE,
        x: 76, y: 0, fg: Cyan, bg: Reset, underline: Reset, modifier: NONE,
        x: 0, y: 1, fg: DarkGray, bg: Reset, underline: Reset, modifier: NONE,
        x: 26, y: 1, fg: Cyan, bg: Reset, underline: Reset, modifier: BOLD,
        x: 0, y: 2, fg: DarkGray, bg: Reset, underline: Reset, modifier: NONE,
        x: 11, y: 2, fg: Reset, bg: Reset, underline: Reset, modifier: NONE,
        x: 25, y: 2, fg: DarkGray, bg: Reset, underline: Reset, modifier: NONE,
        x: 26, y: 2, fg: Cyan, bg: Reset, underline: Reset, modifier: BOLD,
        x: 27, y: 2, fg: Reset, bg: Rgb(40, 40, 50), underline: Reset, modifier: NONE,
        x: 30, y: 2, fg: Reset, bg: Reset, underline: Reset, modifier: NONE,
        x: 79, y: 2, fg: Cyan, bg: Reset, underline: Reset, modifier: BOLD,
        x: 0, y: 3, fg: DarkGray, bg: Reset, underline: Reset, modifier: NONE,
        x: 1, y: 3, fg: Cyan, bg: Reset, underline: Reset, modifier: NONE,
        x: 23, y: 3, fg: Reset, bg: Reset, underline: Reset, modifier: NONE,
        x: 25, y: 3, fg: DarkGray, bg: Reset, underline: Reset, modifier: NONE,
        x: 26, y: 3, fg: Cyan, bg: Reset, underline: Reset, modifier: BOLD,
        x: 27, y: 3, fg: Reset, bg: Reset, underline: Reset, modifier: NONE,
        x: 79, y: 3, fg: Cyan, bg: Reset, underline: Reset, modifier: BOLD,
        x: 0, y: 4, fg: DarkGray, bg: Reset, underline: Reset, modifier: NONE,
        x: 1, y: 4, fg: Reset, bg: Reset, underline: Reset, modifier: NONE,
        x: 25, y: 4, fg: DarkGray, bg: Reset, underline: Reset, modifier: NONE,
        x: 26, y: 4, fg: Cyan, bg: Reset, underline: Reset, modifier: BOLD,
        x: 27, y: 4, fg: Reset, bg: Reset, underline: Reset, modifier: NONE,
        x: 79, y: 4, fg: Cyan, bg: Reset, underline: Reset, modifier: BOLD,
        x: 0, y: 5, fg: DarkGray, bg: Reset, underline: Reset, modifier: NONE,
        x: 1, y: 5, fg: Reset, bg: Reset, underline: Reset, modifier: NONE,
        x: 25, y: 5, fg: DarkGray, bg: Reset, underline: Reset, modifier: NONE,
        x: 26, y: 5, fg: Cyan, bg: Reset, underline: Reset, modifier: BOLD,
        x: 27, y: 5, fg: Reset, bg: Reset, underline: Reset, modifier: NONE,
        x: 79, y: 5, fg: Cyan, bg: Reset, underline: Reset, modifier: BOLD,
        x: 0, y: 6, fg: DarkGray, bg: Reset, underline: Reset, modifier: NONE,
        x: 1, y: 6, fg: Reset, bg: Reset, underline: Reset, modifier: NONE,
        x: 25, y: 6, fg: DarkGray, bg: Reset, underline: Reset, modifier: NONE,
        x: 26, y: 6, fg: Cyan, bg: Reset, underline: Reset, modifier: BOLD,
        x: 27, y: 6, fg: Reset, bg: Reset, underline: Reset, modifier: NONE,
        x: 79, y: 6, fg: Cyan, bg: Reset, underline: Reset, modifier: BOLD,
        x: 0, y: 7, fg: DarkGray, bg: Reset, underline: Reset, modifier: NONE,
        x: 1, y: 7, fg: Reset, bg: Reset, underline: Reset, modifier: NONE,
        x: 25, y: 7, fg: DarkGray, bg: Reset, underline: Reset, modifier: NONE,
        x: 26, y: 7, fg: Cyan, bg: Reset, underline: Reset, modifier: BOLD,
        x: 27, y: 7, fg: Reset, bg: Reset, underline: Reset, modifier: NONE,
        x: 79, y: 7, fg: Cyan, bg: Reset, underline: Reset, modifier: BOLD,
        x: 0, y: 8, fg: DarkGray, bg: Reset, underline: Reset, modifier: NONE,
        x: 1, y: 8, fg: Reset, bg: Reset, underline: Reset, modifier: NONE,
        x: 25, y: 8, fg: DarkGray, bg: Reset, underline: Reset, modifier: NONE,
        x: 26, y: 8, fg: Cyan, bg: Reset, underline: Reset, modifier: BOLD,
        x: 27, y: 8, fg: Reset, bg: Reset, underline: Reset, modifier: NONE,
        x: 79, y: 8, fg: Cyan, bg: Reset, underline: Reset, modifier: BOLD,
        x: 0, y: 9, fg: DarkGray, bg: Reset, underline: Reset, modifier: NONE,
        x: 1, y: 9, fg: Reset, bg: Reset, underline: Reset, modifier: NONE,
        x: 25, y: 9, fg: DarkGray, bg: Reset, underline: Reset, modifier: NONE,
        x: 26, y: 9, fg: Cyan, bg: Reset, underline: Reset, modifier: BOLD,
        x: 27, y: 9, fg: Reset, bg: Reset, underline: Reset, modifier: NONE,
        x: 79, y: 9, fg: Cyan, bg: Reset, underline: Reset, modifier: BOLD,
        x: 0, y: 10, fg: DarkGray, bg: Reset, underline: Reset, modifier: NONE,
        x: 1, y: 10, fg: Reset, bg: Reset, underline: Reset, modifier: NONE,
        x: 25, y: 10, fg: DarkGray, bg: Reset, underline: Reset, modifier: NONE,
        x: 26, y: 10, fg: Cyan, bg: Reset, underline: Reset, modifier: BOLD,
        x: 27, y: 10, fg: Reset, bg: Reset, underline: Reset, modifier: NONE,
        x: 79, y: 10, fg: Cyan, bg: Reset, underline: Reset, modifier: BOLD,
        x: 0, y: 11, fg: DarkGray, bg: Reset, underline: Reset, modifier: NONE,
        x: 1, y: 11, fg: Reset, bg: Reset, underline: Reset, modifier: NONE,
        x: 25, y: 11, fg: DarkGray, bg: Reset, underline: Reset, modifier: NONE,
        x: 26, y: 11, fg: Cyan, bg: Reset, underline: Reset, modifier: BOLD,
        x: 27, y: 11, fg: Reset, bg: Reset, underline: Reset, modifier: NONE,
        x: 79, y: 11, fg: Cyan, bg: Reset, underline: Reset, modifier: BOLD,
        x: 0, y: 12, fg: DarkGray, bg: Reset, underline: Reset, modifier: NONE,
        x: 1, y: 12, fg: Reset, bg: Reset, underline: Reset, modifier: NONE,
        x: 25, y: 12, fg: DarkGray, bg: Reset, underline: Reset, modifier: NONE,
        x: 26, y: 12, fg: Cyan, bg: Reset, underline: Reset, modifier: BOLD,
        x: 27, y: 12, fg: Reset, bg: Reset, underline: Reset, modifier: NONE,
        x: 79, y: 12, fg: Cyan, bg: Reset, underline: Reset, modifier: BOLD,
        x: 0, y: 13, fg: DarkGray, bg: Reset, underline: Reset, modifier: NONE,
        x: 1, y: 13, fg: Reset, bg: Reset, underline: Reset, modifier: NONE,
        x: 25, y: 13, fg: DarkGray, bg: Reset, underline: Reset, modifier: NONE,
        x: 26, y: 13, fg: Cyan, bg: Reset, underline: Reset, modifier: BOLD,
        x: 27, y: 13, fg: Reset, bg: Reset, underline: Reset, modifier: NONE,
        x: 79, y: 13, fg: Cyan, bg: Reset, underline: Reset, modifier: BOLD,
        x: 0, y: 14, fg: DarkGray, bg: Reset, underline: Reset, modifier: NONE,
        x: 1, y: 14, fg: Reset, bg: Reset, underline: Reset, modifier: NONE,
        x: 25, y: 14, fg: DarkGray, bg: Reset, underline: Reset, modifier: NONE,
        x: 26, y: 14, fg: Cyan, bg: Reset, underline: Reset, modifier: BOLD,
        x: 27, y: 14, fg: Reset, bg: Reset, underline: Reset, modifier: NONE,
        x: 79, y: 14, fg: Cyan, bg: Reset, underline: Reset, modifier: BOLD,
        x: 0, y: 15, fg: DarkGray, bg: Reset, underline: Reset, modifier: NONE,
        x: 1, y: 15, fg: Reset, bg: Reset, underline: Reset, modifier: NONE,
        x: 25, y: 15, fg: DarkGray, bg: Reset, underline: Reset, modifier: NONE,
        x: 26, y: 15, fg: Cyan, bg: Reset, underline: Reset, modifier: BOLD,
        x: 27, y: 15, fg: Reset, bg: Reset, underline: Reset, modifier: NONE,
        x: 79, y: 15, fg: Cyan, bg: Reset, underline: Reset, modifier: BOLD,
        x: 0, y: 16, fg: DarkGray, bg: Reset, underline: Reset, modifier: NONE,
        x: 1, y: 16, fg: Reset, bg: Reset, underline: Reset, modifier: NONE,
        x: 25, y: 16, fg: DarkGray, bg: Reset, underline: Reset, modifier: NONE,
        x: 26, y: 16, fg: Cyan, bg: Reset, underline: Reset, modifier: BOLD,
        x: 27, y: 16, fg: Reset, bg: Reset, underline: Reset, modifier: NONE,
        x: 79, y: 16, fg: Cyan, bg: Reset, underline: Reset, modifier: BOLD,
        x: 0, y: 17, fg: DarkGray, bg: Reset, underline: Reset, modifier: NONE,
        x: 1, y: 17, fg: Reset, bg: Reset, underline: Reset, modifier: NONE,
        x: 25, y: 17, fg: DarkGray, bg: Reset, underline: Reset, modifier: NONE,
        x: 26, y: 17, fg: Cyan, bg: Reset, underline: Reset, modifier: BOLD,
        x: 27, y: 17, fg: Reset, bg: Reset, underline: Reset, modifier: NONE,
        x: 79, y: 17, fg: Cyan, bg: Reset, underline: Reset, modifier: BOLD,
        x: 0, y: 18, fg: DarkGray, bg: Reset, underline: Reset, modifier: NONE,
        x: 1, y: 18, fg: Reset, bg: Reset, underline: Reset, modifier: NONE,
        x: 25, y: 18, fg: DarkGray, bg: Reset, underline: Reset, modifier: NONE,
        x: 26, y: 18, fg: Cyan, bg: Reset, underline: Reset, modifier: BOLD,
        x: 27, y: 18, fg: Reset, bg: Reset, underline: Reset, modifier: NONE,
        x: 79, y: 18, fg: Cyan, bg: Reset, underline: Reset, modifier: BOLD,
        x: 0, y: 19, fg: DarkGray, bg: Reset, underline: Reset, modifier: NONE,
        x: 1, y: 19, fg: Reset, bg: Reset, underline: Reset, modifier: NONE,
        x: 25, y: 19, fg: DarkGray, bg: Reset, underline: Reset, modifier: NONE,
        x: 26, y: 19, fg: Cyan, bg: Reset, underline: Reset, modifier: BOLD,
        x: 27, y: 19, fg: Reset, bg: Reset, underline: Reset, modifier: NONE,
        x: 79, y: 19, fg: Cyan, bg: Reset, underline: Reset, modifier: BOLD,
        x: 0, y: 20, fg: DarkGray, bg: Reset, underline: Reset, modifier: NONE,
        x: 1, y: 20, fg: Reset, bg: Reset, underline: Reset, modifier: NONE,
        x: 25, y: 20, fg: DarkGray, bg: Reset, underline: Reset, modifier: NONE,
        x: 26, y: 20, fg: Cyan, bg: Reset, underline: Reset, modifier: BOLD,
        x: 27, y: 20, fg: Reset, bg: Reset, underline: Reset, modifier: NONE,
        x: 79, y: 20, fg: Cyan, bg: Reset, underline: Reset, modifier: BOLD,
        x: 0, y: 21, fg: DarkGray, bg: Reset, underline: Reset, modifier: NONE,
        x: 1, y: 21, fg: Reset, bg: Reset, underline: Reset, modifier: NONE,
        x: 25, y: 21, fg: DarkGray, bg: Reset, underline: Reset, modifier: NONE,
        x: 26, y: 21, fg: Cyan, bg: Reset, underline: Reset, modifier: BOLD,
        x: 0, y: 22, fg: DarkGray, bg: Reset, underline: Reset, modifier: NONE,
        x: 29, y: 22, fg: Reset, bg: Reset, underline: Reset, modifier: NONE,
        x: 57, y: 22, fg: Cyan, bg: Reset, underline: Reset, modifier: NONE,
        x: 0, y: 23, fg: DarkGray, bg: Reset, underline: Reset, modifier: NONE,
    ]
}
